 Container 19-proxy_website_api_odoo_com-1  Created
 Container 19-proxy_ovh-1  Created
 Container 19-proxy_fonts_googleapis_com-1  Created
 Container 19-proxy_fonts_gstatic_com-1  Created
 Container 19-proxy_www_google_com-1  Created
 Container 19-db-1  Created
 Container 19-proxy_www_googleapis_com-1  Created
 Container 19-proxy_www_gravatar_com-1  Created
 Container 19-proxy_fonts_googleapis_com-1  Starting
 Container 19-proxy_website_api_odoo_com-1  Starting
 Container 19-proxy_fonts_gstatic_com-1  Starting
 Container 19-proxy_www_google_com-1  Starting
 Container 19-proxy_www_gravatar_com-1  Starting
 Container 19-db-1  Starting
 Container 19-proxy_www_googleapis_com-1  Starting
 Container 19-proxy_ovh-1  Starting
 Container 19-proxy_www_googleapis_com-1  Started
 Container 19-proxy_ovh-1  Started
 Container 19-proxy_website_api_odoo_com-1  Started
 Container 19-db-1  Started
 Container 19-proxy_www_google_com-1  Started
 Container 19-proxy_fonts_gstatic_com-1  Started
 Container 19-proxy_fonts_googleapis_com-1  Started
 Container 19-proxy_www_gravatar_com-1  Started
time="2026-06-29T09:04:24+02:00" level=warning msg="mount of type `volume` should not define `bind` option"
doodba INFO: Waiting until postgres is listening at db...
doodba INFO: Linking all addons from /opt/odoo/custom/src/addons.yaml in /opt/odoo/auto/addons
doodba INFO: Generating /opt/odoo/auto/odoo.conf file. Overriding any existing...
doodba INFO: Merging found configuration files in /opt/odoo/auto/odoo.conf
doodba INFO: Executing bash -c odoo --test-enable --stop-after-init --workers=0 -u aicia_account_importer --test-tags /aicia_account_importer
/usr/local/lib/python3.12/site-packages/jingtrang/__init__.py:5: UserWarning: pkg_resources is deprecated as an API. See https://setuptools.pypa.io/en/latest/pkg_resources.html. The pkg_resources package is slated for removal as early as 2025-11-30. Refrain from using this package or pin to Setuptools<81.
  import pkg_resources
2026-06-29 07:04:34,022 1 INFO ? odoo: Odoo version 19.0
2026-06-29 07:04:34,022 1 INFO ? odoo: Using configuration file at /opt/odoo/auto/odoo.conf
2026-06-29 07:04:34,022 1 INFO ? odoo: addons paths: _NamespacePath(['/opt/odoo/custom/src/odoo/odoo/addons', '/opt/odoo/custom/src/odoo/odoo/addons', '/var/lib/odoo/addons/19.0', '/opt/odoo/auto/addons', '/opt/odoo/custom/src/odoo/addons'])
2026-06-29 07:04:34,022 1 INFO ? odoo: database: odoo@db:5432
2026-06-29 07:04:34,811 1 INFO ? odoo.service.server: HTTP service (werkzeug) running on cead506fd6d1:8069
2026-06-29 07:04:34,876 1 INFO botello odoo.tests.common: Importing test framework
2026-06-29 07:04:34,976 1 INFO botello odoo.modules.loading: loading 1 modules...
2026-06-29 07:04:34,981 1 INFO botello odoo.modules.loading: 1 modules loaded in 0.01s, 0 queries (+0 extra)
2026-06-29 07:04:35,022 1 INFO botello odoo.modules.loading: updating modules list
2026-06-29 07:04:35,032 1 INFO botello odoo.addons.base.models.ir_module: ALLOW access to module.update_list on [] to user __system__ #1 via n/a
2026-06-29 07:04:35,992 1 WARNING botello odoo.modules.module: Missing `author` key in manifest for 'aicia_nomina_importer', defaulting to ''
2026-06-29 07:04:35,993 1 WARNING botello odoo.modules.module: Missing `author` key in manifest for 'aicia_nomina_importer', defaulting to ''
2026-06-29 07:04:36,154 1 WARNING botello odoo.modules.module: Missing `license` key in manifest for 'cleanmart_assistances_custom', defaulting to LGPL-3
2026-06-29 07:04:36,154 1 WARNING botello odoo.modules.module: Missing `license` key in manifest for 'cleanmart_assistances_custom', defaulting to LGPL-3
2026-06-29 07:04:39,089 1 INFO botello odoo.addons.base.models.ir_module: ALLOW access to module.button_upgrade on ['AICIA - Importador de Apuntes Contables'] to user __system__ #1 via n/a
2026-06-29 07:04:39,089 1 INFO botello odoo.addons.base.models.ir_module: ALLOW access to module.update_list on ['AICIA - Importador de Apuntes Contables'] to user __system__ #1 via n/a
2026-06-29 07:04:39,615 1 WARNING botello odoo.modules.module: Missing `author` key in manifest for 'aicia_nomina_importer', defaulting to ''
2026-06-29 07:04:39,735 1 WARNING botello odoo.modules.module: Missing `license` key in manifest for 'cleanmart_assistances_custom', defaulting to LGPL-3
2026-06-29 07:04:42,842 1 INFO botello odoo.addons.base.models.ir_module: ALLOW access to module.button_install on [] to user __system__ #1 via n/a
2026-06-29 07:04:43,291 1 WARNING botello odoo.modules.module_graph: module beachshop_fix_categories_products: not installable, skipped
2026-06-29 07:04:43,291 1 WARNING botello odoo.modules.module_graph: module product_multi_barcode: not installable, skipped
2026-06-29 07:04:43,292 1 WARNING botello odoo.modules.module_graph: module aicia_account_menu: some depends are not loaded (accountant), skipped
2026-06-29 07:04:43,292 1 WARNING botello odoo.modules.module_graph: module aicia_payroll_csv_import: some depends are not loaded (aicia_account_menu, aicia_employee_project_percentage), skipped
2026-06-29 07:04:43,293 1 WARNING botello odoo.modules.module_graph: module aicia_account_pgc_recode: some depends are not loaded (aicia_account_menu), skipped
2026-06-29 07:04:43,293 1 WARNING botello odoo.modules.module_graph: module aicia_account_importer: some depends are not loaded (aicia_account_menu), skipped
2026-06-29 07:04:43,295 1 INFO botello odoo.modules.loading: loading 126 modules...
2026-06-29 07:04:43,889 1 WARNING botello py.warnings: /usr/local/lib/python3.12/site-packages/flanker/mime/message/part.py:2: DeprecationWarning: 'imghdr' is deprecated and slated for removal in Python 3.13
  File "/usr/local/bin/odoo", line 6, in <module>
    odoo.cli.main()
  File "/opt/odoo/custom/src/odoo/odoo/cli/command.py", line 133, in main
    command().run(args)
  File "/opt/odoo/custom/src/odoo/odoo/cli/server.py", line 127, in run
    main(args)
  File "/opt/odoo/custom/src/odoo/odoo/cli/server.py", line 118, in main
    rc = server.start(preload=config['db_name'], stop=stop)
  File "/opt/odoo/custom/src/odoo/odoo/service/server.py", line 1636, in start
    rc = server.run(preload, stop)
  File "/opt/odoo/custom/src/odoo/odoo/service/server.py", line 691, in run
    rc = preload_registries(preload)
  File "/opt/odoo/custom/src/odoo/odoo/service/server.py", line 1550, in preload_registries
    registry = Registry.new(dbname, update_module=update_module, install_modules=config['init'], upgrade_modules=config['update'], reinit_modules=config['reinit'])
  File "/opt/odoo/custom/src/odoo/odoo/tools/func.py", line 88, in locked
    return func(inst, *args, **kwargs)
  File "/opt/odoo/custom/src/odoo/odoo/orm/registry.py", line 183, in new
    load_modules(
  File "/opt/odoo/custom/src/odoo/odoo/modules/loading.py", line 464, in load_modules
    load_module_graph(
  File "/opt/odoo/custom/src/odoo/odoo/modules/loading.py", line 178, in load_module_graph
    load_openerp_module(package.name)
  File "/opt/odoo/custom/src/odoo/odoo/modules/module.py", line 506, in load_openerp_module
    __import__(qualname)
  File "/opt/odoo/auto/addons/html_editor/__init__.py", line 2, in <module>
    from . import controllers
  File "/opt/odoo/auto/addons/html_editor/controllers/__init__.py", line 3, in <module>
    from . import main
  File "/opt/odoo/auto/addons/html_editor/controllers/main.py", line 21, in <module>
    from odoo.addons.mail.tools import link_preview
  File "/opt/odoo/auto/addons/mail/__init__.py", line 4, in <module>
    from . import models
  File "/opt/odoo/auto/addons/mail/models/__init__.py", line 6, in <module>
    from . import models
  File "/opt/odoo/auto/addons/mail/models/models.py", line 10, in <module>
    from odoo.addons.mail.tools.alias_error import AliasError
  File "/opt/odoo/auto/addons/mail/tools/__init__.py", line 7, in <module>
    from . import mail_validation
  File "/opt/odoo/auto/addons/mail/tools/mail_validation.py", line 12, in <module>
    from flanker.addresslib import address
  File "/usr/local/lib/python3.12/site-packages/flanker/addresslib/address.py", line 56, in <module>
    from flanker.mime.message.headers.encodedword import mime_to_unicode
  File "/usr/local/lib/python3.12/site-packages/flanker/mime/__init__.py", line 62, in <module>
    from flanker.mime.message.errors import DecodingError, EncodingError, MimeError
  File "/usr/local/lib/python3.12/site-packages/flanker/mime/message/__init__.py", line 1, in <module>
    from flanker.mime.message.scanner import ContentType
  File "/usr/local/lib/python3.12/site-packages/flanker/mime/message/scanner.py", line 10, in <module>
    from flanker.mime.message.part import MimePart, Stream
  File "/usr/local/lib/python3.12/site-packages/flanker/mime/message/part.py", line 2, in <module>
    import imghdr

2026-06-29 07:04:46,075 1 INFO botello odoo.modules.loading: 126 modules loaded in 2.78s, 0 queries (+0 extra)
2026-06-29 07:04:46,531 1 ERROR botello odoo.modules.loading: Some modules are not loaded, some dependencies or manifest may be missing: ['aicia_account_menu', 'aicia_payroll_csv_import', 'beachshop_fix_categories_products', 'product_multi_barcode']
2026-06-29 07:04:46,532 1 ERROR botello odoo.modules.loading: Some modules have inconsistent states, some dependencies may be missing: ['aicia_account_importer', 'aicia_account_pgc_recode']
2026-06-29 07:04:47,336 1 INFO botello odoo.modules.loading: Modules loaded.
2026-06-29 07:04:47,372 1 INFO botello odoo.registry: Registry changed, signaling through the database
2026-06-29 07:04:47,374 1 INFO botello odoo.registry: Registry loaded in 12.562s
2026-06-29 07:04:47,379 1 INFO botello odoo.service.server: Starting post tests
2026-06-29 07:04:47,379 1 INFO botello odoo.service.server: 0 post-tests in 0.00s, 0 queries
2026-06-29 07:04:47,379 1 WARNING botello odoo.tests.result: 0 failed, 0 error(s) of 0 tests when loading database 'botello'
2026-06-29 07:04:47,379 1 INFO botello odoo.service.server: Initiating shutdown
2026-06-29 07:04:47,379 1 INFO botello odoo.service.server: Hit CTRL-C again or send a second signal to force the shutdown.
2026-06-29 07:04:47,857 1 INFO botello odoo.sql_db: ConnectionPool(read/write;used=0/count=0/max=64): Closed 1 connections
